// Jest Snapshot v1, https://goo.gl/fbAQLP

exports[`renders correctly 1`] = `
<footer
  className="footer"
>
  <div
    className="container"
  >
    <nav>
      <ul>
        <li>
          <a
            href="https://www.creative-tim.com"
          >
            Creative Tim
          </a>
        </li>
        <li>
          <a
            href="https://presentation.creative-tim.com"
          >
            About Us
          </a>
        </li>
        <li>
          <a
            href="https://blog.creative-tim.com"
          >
            Blog
          </a>
        </li>
      </ul>
    </nav>
    <div
      className="copyright"
    >
      Â© 
      2018
      , Designed by 
      <a
        href="https://www.invisionapp.com"
        rel="noopener noreferrer"
        target="_blank"
      >
        Invision
      </a>
      . Coded by 
      <a
        href="https://www.creative-tim.com"
        rel="noopener noreferrer"
        target="_blank"
      >
        Creative Tim
      </a>
      .
    </div>
  </div>
</footer>
`;
