// Jest Snapshot v1, https://goo.gl/fbAQLP

exports[`renders correctly 1`] = `
<div
  className="table-full-width table-responsive"
>
  <table
    className="table"
  >
    <tbody />
  </table>
</div>
`;
