// Jest Snapshot v1, https://goo.gl/fbAQLP

exports[`renders correctly 1`] = `
<View
  style={
    Object {
      "alignItems": "center",
      "backgroundColor": "white",
      "flex": 1,
      "justifyContent": "center",
    }
  }
>
  <Text
    accessible={true}
    allowFontScaling={true}
    ellipsizeMode="tail"
    style={
      Object {
        "fontSize": 22,
        "fontWeight": "bold",
        "margin": 10,
        "textAlign": "center",
      }
    }
  />
  <View
    style={
      Array [
        Object {},
        undefined,
      ]
    }
  >
    <Text
      accessible={true}
      allowFontScaling={true}
      ellipsizeMode="tail"
      style={
        Array [
          Object {},
          undefined,
          undefined,
          undefined,
          undefined,
          undefined,
          undefined,
          undefined,
          undefined,
          undefined,
          Array [
            Object {
              "color": "#86939e",
              "fontSize": 15,
              "fontWeight": "bold",
              "marginBottom": 1,
              "marginLeft": 20,
              "marginRight": 20,
              "marginTop": 15,
            },
            undefined,
            undefined,
          ],
        ]
      }
    >
       NÃºmero de telefono
    </Text>
  </View>
  <View>
    <View
      style={
        Array [
          Object {},
          undefined,
        ]
      }
    >
      <Text
        accessible={true}
        allowFontScaling={true}
        ellipsizeMode="tail"
        style={
          Array [
            Object {},
            undefined,
            undefined,
            undefined,
            undefined,
            undefined,
            undefined,
            undefined,
            undefined,
            undefined,
            Array [
              Object {
                "color": "#ff190c",
                "fontSize": 15,
                "marginBottom": 1,
                "marginLeft": 20,
                "marginRight": 20,
                "marginTop": 5,
              },
              undefined,
              undefined,
            ],
          ]
        }
      >
        
      </Text>
    </View>
  </View>
</View>
`;
