// Jest Snapshot v1, https://goo.gl/fbAQLP

exports[`renders correctly 1`] = `
<div>
  <div
    className="panel-header panel-header-sm"
  />
  <div
    className="content"
  >
    <div
      className="row"
    >
      <div
        className="col-12 col-md-8"
      >
        <div
          className="card"
        >
          <div
            className="card-header"
          >
            <h5
              className="title"
            >
              Edit Profile
            </h5>
          </div>
          <div
            className="card-body"
          >
            <form>
              <div
                className="row"
              >
                <div
                  className="col-md-5 pr-1"
                >
                  <div
                    className="form-group"
                  >
                    <label
                      className=" form-control-label"
                      htmlFor={undefined}
                    >
                      Company (disabled)
                    </label>
                    <input
                      className="form-control"
                      defaultValue="Creative Code Inc."
                      disabled={true}
                      type="text"
                    />
                  </div>
                </div>
                <div
                  className="col-md-3 px-1"
                >
                  <div
                    className="form-group"
                  >
                    <label
                      className=" form-control-label"
                      htmlFor={undefined}
                    >
                      Username
                    </label>
                    <input
                      className="form-control"
                      defaultValue="michael23"
                      type="text"
                    />
                  </div>
                </div>
                <div
                  className="col-md-4 pl-1"
                >
                  <div
                    className="form-group"
                  >
                    <label
                      className=" form-control-label"
                      htmlFor={undefined}
                    >
                      Email address
                    </label>
                    <input
                      className="form-control"
                      placeholder="Email"
                      type="email"
                    />
                  </div>
                </div>
              </div>
              <div
                className="row"
              >
                <div
                  className="col-md-6 pr-1"
                >
                  <div
                    className="form-group"
                  >
                    <label
                      className=" form-control-label"
                      htmlFor={undefined}
                    >
                      First Name
                    </label>
                    <input
                      className="form-control"
                      defaultValue="Mike"
                      placeholder="First Name"
                      type="text"
                    />
                  </div>
                </div>
                <div
                  className="col-md-6 pl-1"
                >
                  <div
                    className="form-group"
                  >
                    <label
                      className=" form-control-label"
                      htmlFor={undefined}
                    >
                      Last Name
                    </label>
                    <input
                      className="form-control"
                      defaultValue="Andrew"
                      placeholder="Last Name"
                      type="text"
                    />
                  </div>
                </div>
              </div>
              <div
                className="row"
              >
                <div
                  className="col-md-12"
                >
                  <div
                    className="form-group"
                  >
                    <label
                      className=" form-control-label"
                      htmlFor={undefined}
                    >
                      Address
                    </label>
                    <input
                      className="form-control"
                      defaultValue="Bld Mihail Kogalniceanu, nr. 8 Bl 1, Sc 1, Ap 09"
                      placeholder="Home Address"
                      type="text"
                    />
                  </div>
                </div>
              </div>
              <div
                className="row"
              >
                <div
                  className="col-md-4 pr-1"
                >
                  <div
                    className="form-group"
                  >
                    <label
                      className=" form-control-label"
                      htmlFor={undefined}
                    >
                      City
                    </label>
                    <input
                      className="form-control"
                      defaultValue="Bucharest"
                      placeholder="City"
                      type="text"
                    />
                  </div>
                </div>
                <div
                  className="col-md-4 px-1"
                >
                  <div
                    className="form-group"
                  >
                    <label
                      className=" form-control-label"
                      htmlFor={undefined}
                    >
                      Country
                    </label>
                    <input
                      className="form-control"
                      defaultValue="Romania"
                      placeholder="Country"
                      type="text"
                    />
                  </div>
                </div>
                <div
                  className="col-md-4 pl-1"
                >
                  <div
                    className="form-group"
                  >
                    <label
                      className=" form-control-label"
                      htmlFor={undefined}
                    >
                      Postal Code
                    </label>
                    <input
                      className="form-control"
                      placeholder="ZIP Code"
                      type="number"
                    />
                  </div>
                </div>
              </div>
              <div
                className="row"
              >
                <div
                  className="col-md-12"
                >
                  <div
                    className="form-group"
                  >
                    <label
                      className=" form-control-label"
                      htmlFor={undefined}
                    >
                      About Me
                    </label>
                    <textarea
                      className="form-control"
                      cols="80"
                      defaultValue="Lamborghini Mercy, Your chick she so thirsty, I'm in that two seat Lambo."
                      placeholder="Here can be your description"
                      rows="4"
                    />
                  </div>
                </div>
              </div>
            </form>
          </div>
        </div>
      </div>
      <div
        className="col-12 col-md-4"
      >
        <div
          className="card-user card"
        >
          <div
            className="image"
          >
            <img
              alt="..."
              src=""
            />
          </div>
          <div
            className="card-body"
          >
            <div
              className="author"
            >
              <a
                href="#"
              >
                <img
                  alt="..."
                  className="avatar border-gray"
                  src=""
                />
                <h5
                  className="title"
                >
                  Mike Andrew
                </h5>
              </a>
              <p
                className="description"
              >
                michael23
              </p>
            </div>
            <p
              className="description text-center"
            >
              "Lamborghini Mercy 
              <br />
              Your chick she so thirsty 
              <br />
              I'm in that two seat Lambo"
            </p>
          </div>
          <hr />
          <div
            className="button-container"
          >
            <button
              className="btn-round btn-icon btn btn-neutral btn-lg"
              href={undefined}
              onClick={[Function]}
              type={undefined}
            >
              <i
                className="fab fa-facebook-f"
              />
            </button>
            <button
              className="btn-round btn-icon btn btn-neutral btn-lg"
              href={undefined}
              onClick={[Function]}
              type={undefined}
            >
              <i
                className="fab fa-twitter"
              />
            </button>
            <button
              className="btn-round btn-icon btn btn-neutral btn-lg"
              href={undefined}
              onClick={[Function]}
              type={undefined}
            >
              <i
                className="fab fa-google-plus-g"
              />
            </button>
          </div>
        </div>
      </div>
    </div>
  </div>
</div>
`;
